// Jest Snapshot v1, https://goo.gl/fbAQLP

exports[`DriftTooltip should render correctly 1`] = `
<Tooltip
  content="This is a tooltip."
>
  <div>
    <PlaystationIcon
      color="currentColor"
      noVerticalAlign={false}
      size="sm"
    />
  </div>
</Tooltip>
`;
